#
# There is insufficient memory for the Java Runtime Environment to continue.
# Native memory allocation (malloc) failed to allocate 1164336 bytes. Error detail: Chunk::new
# Possible reasons:
#   The system is out of physical RAM or swap space
#   This process is running with CompressedOops enabled, and the Java Heap may be blocking the growth of the native heap
# Possible solutions:
#   Reduce memory load on the system
#   Increase physical memory or swap space
#   Check if swap backing store is full
#   Decrease Java heap size (-Xmx/-Xms)
#   Decrease number of Java threads
#   Decrease Java thread stack sizes (-Xss)
#   Set larger code cache with -XX:ReservedCodeCacheSize=
#   JVM is running with Unscaled Compressed Oops mode in which the Java heap is
#     placed in the first 4GB address space. The Java Heap base address is the
#     maximum limit for the native heap growth. Please use -XX:HeapBaseMinAddress
#     to set the Java Heap base and to place the Java Heap above 4GB virtual address.
# This output file may be truncated or incomplete.
#
#  Out of Memory Error (arena.cpp:168), pid=10844, tid=6940
#
# JRE version: OpenJDK Runtime Environment (21.0.5) (build 21.0.5+-13047016-b750.29)
# Java VM: OpenJDK 64-Bit Server VM (21.0.5+-13047016-b750.29, mixed mode, tiered, compressed oops, compressed class ptrs, g1 gc, windows-amd64)
# No core dump will be written. Minidumps are not enabled by default on client versions of Windows
#

---------------  S U M M A R Y ------------

Command Line: --add-opens=java.base/java.util=ALL-UNNAMED --add-opens=java.base/java.lang=ALL-UNNAMED --add-opens=java.base/java.lang.invoke=ALL-UNNAMED --add-opens=java.prefs/java.util.prefs=ALL-UNNAMED --add-opens=java.base/java.nio.charset=ALL-UNNAMED --add-opens=java.base/java.net=ALL-UNNAMED --add-opens=java.base/java.util.concurrent.atomic=ALL-UNNAMED -Xmx2048m -Dfile.encoding=UTF-8 -Duser.country=IN -Duser.language=en -Duser.variant -javaagent:C:\Users\arjun\.gradle\wrapper\dists\gradle-8.2-bin\bbg7u40eoinfdyxsxr3z4i7ta\gradle-8.2\lib\agents\gradle-instrumentation-agent-8.2.jar org.gradle.launcher.daemon.bootstrap.GradleDaemon 8.2

Host: 11th Gen Intel(R) Core(TM) i5-1155G7 @ 2.50GHz, 8 cores, 11G,  Windows 11 , 64 bit Build 26100 (10.0.26100.3323)
Time: Tue Mar  4 15:15:36 2025 India Standard Time elapsed time: 4.470267 seconds (0d 0h 0m 4s)

---------------  T H R E A D  ---------------

Current thread (0x000001c03e0cec70):  JavaThread "C2 CompilerThread0" daemon [_thread_in_native, id=6940, stack(0x0000009280f00000,0x0000009281000000) (1024K)]


Current CompileTask:
C2:4470 4299       4       groovyjarjarantlr4.v4.runtime.atn.ParserATNSimulator::closure (784 bytes)

Stack: [0x0000009280f00000,0x0000009281000000]
Native frames: (J=compiled Java code, j=interpreted, Vv=VM code, C=native code)
V  [jvm.dll+0x6cfb29]
V  [jvm.dll+0x85df93]
V  [jvm.dll+0x8604ee]
V  [jvm.dll+0x860bd3]
V  [jvm.dll+0x27e6b6]
V  [jvm.dll+0xbff6d]
V  [jvm.dll+0xc04a3]
V  [jvm.dll+0x3b5fc1]
V  [jvm.dll+0x381f97]
V  [jvm.dll+0x38140a]
V  [jvm.dll+0x247c62]
V  [jvm.dll+0x247231]
V  [jvm.dll+0x1c5ee4]
V  [jvm.dll+0x25697c]
V  [jvm.dll+0x254ec6]
V  [jvm.dll+0x3f0ce6]
V  [jvm.dll+0x806368]
V  [jvm.dll+0x6ce3fd]
C  [ucrtbase.dll+0x37b0]
C  [KERNEL32.DLL+0x2e8d7]
C  [ntdll.dll+0xbbf6c]


---------------  P R O C E S S  ---------------

Threads class SMR info:
_java_thread_list=0x000001c04199b410, length=42, elements={
0x000001c022696d30, 0x000001c03e0e0fe0, 0x000001c03e0e3a40, 0x000001c03e0e4fd0,
0x000001c03e0e5a20, 0x000001c03e0e6470, 0x000001c03e0cdef0, 0x000001c03e0cec70,
0x000001c03e0e6ec0, 0x000001c03e27eae0, 0x000001c03e4a3ff0, 0x000001c03f9cae70,
0x000001c03f8d08a0, 0x000001c03f8df130, 0x000001c03ee66710, 0x000001c03f21be10,
0x000001c03ffa6060, 0x000001c03f0753b0, 0x000001c03fa8d2a0, 0x000001c03fc6f8c0,
0x000001c03fc6eba0, 0x000001c03fc6de80, 0x000001c03fc6cad0, 0x000001c03fc6f230,
0x000001c03fc6d7f0, 0x000001c03fc6d160, 0x000001c03fc6e510, 0x000001c04315ae40,
0x000001c04315b4d0, 0x000001c043159a90, 0x000001c04315bb60, 0x000001c0431586e0,
0x000001c04315a7b0, 0x000001c04315a120, 0x000001c0411421b0, 0x000001c041142880,
0x000001c043158d70, 0x000001c043159400, 0x000001c0401a1cb0, 0x000001c0401a5130,
0x000001c0401a57c0, 0x000001c0401a3d80
}

Java Threads: ( => current thread )
  0x000001c022696d30 JavaThread "main"                              [_thread_blocked, id=6660, stack(0x0000009280100000,0x0000009280200000) (1024K)]
  0x000001c03e0e0fe0 JavaThread "Reference Handler"          daemon [_thread_blocked, id=652, stack(0x0000009280900000,0x0000009280a00000) (1024K)]
  0x000001c03e0e3a40 JavaThread "Finalizer"                  daemon [_thread_blocked, id=10396, stack(0x0000009280a00000,0x0000009280b00000) (1024K)]
  0x000001c03e0e4fd0 JavaThread "Signal Dispatcher"          daemon [_thread_blocked, id=12560, stack(0x0000009280b00000,0x0000009280c00000) (1024K)]
  0x000001c03e0e5a20 JavaThread "Attach Listener"            daemon [_thread_blocked, id=2072, stack(0x0000009280c00000,0x0000009280d00000) (1024K)]
  0x000001c03e0e6470 JavaThread "Service Thread"             daemon [_thread_blocked, id=7976, stack(0x0000009280d00000,0x0000009280e00000) (1024K)]
  0x000001c03e0cdef0 JavaThread "Monitor Deflation Thread"   daemon [_thread_blocked, id=9356, stack(0x0000009280e00000,0x0000009280f00000) (1024K)]
=>0x000001c03e0cec70 JavaThread "C2 CompilerThread0"         daemon [_thread_in_native, id=6940, stack(0x0000009280f00000,0x0000009281000000) (1024K)]
  0x000001c03e0e6ec0 JavaThread "C1 CompilerThread0"         daemon [_thread_blocked, id=12732, stack(0x0000009281000000,0x0000009281100000) (1024K)]
  0x000001c03e27eae0 JavaThread "Common-Cleaner"             daemon [_thread_blocked, id=4584, stack(0x0000009281100000,0x0000009281200000) (1024K)]
  0x000001c03e4a3ff0 JavaThread "Notification Thread"        daemon [_thread_blocked, id=10752, stack(0x0000009281200000,0x0000009281300000) (1024K)]
  0x000001c03f9cae70 JavaThread "Daemon health stats"               [_thread_blocked, id=6384, stack(0x0000009281800000,0x0000009281900000) (1024K)]
  0x000001c03f8d08a0 JavaThread "Incoming local TCP Connector on port 52637"        [_thread_in_native, id=2276, stack(0x0000009281900000,0x0000009281a00000) (1024K)]
  0x000001c03f8df130 JavaThread "Daemon periodic checks"            [_thread_blocked, id=2596, stack(0x0000009281a00000,0x0000009281b00000) (1024K)]
  0x000001c03ee66710 JavaThread "Daemon"                            [_thread_blocked, id=6260, stack(0x0000009281b00000,0x0000009281c00000) (1024K)]
  0x000001c03f21be10 JavaThread "Handler for socket connection from /127.0.0.1:52637 to /127.0.0.1:52638"        [_thread_in_native, id=1680, stack(0x0000009281c00000,0x0000009281d00000) (1024K)]
  0x000001c03ffa6060 JavaThread "Cancel handler"                    [_thread_blocked, id=9652, stack(0x0000009281d00000,0x0000009281e00000) (1024K)]
  0x000001c03f0753b0 JavaThread "Daemon worker"                     [_thread_in_vm, id=4364, stack(0x0000009281e00000,0x0000009281f00000) (1024K)]
  0x000001c03fa8d2a0 JavaThread "Asynchronous log dispatcher for DefaultDaemonConnection: socket connection from /127.0.0.1:52637 to /127.0.0.1:52638"        [_thread_blocked, id=3832, stack(0x0000009281f00000,0x0000009282000000) (1024K)]
  0x000001c03fc6f8c0 JavaThread "Stdin handler"                     [_thread_blocked, id=8156, stack(0x0000009282000000,0x0000009282100000) (1024K)]
  0x000001c03fc6eba0 JavaThread "Daemon client event forwarder"        [_thread_blocked, id=10056, stack(0x0000009282100000,0x0000009282200000) (1024K)]
  0x000001c03fc6de80 JavaThread "Cache worker for journal cache (C:\Users\arjun\.gradle\caches\journal-1)"        [_thread_blocked, id=724, stack(0x0000009282600000,0x0000009282700000) (1024K)]
  0x000001c03fc6cad0 JavaThread "File lock request listener"        [_thread_in_native, id=4188, stack(0x0000009282700000,0x0000009282800000) (1024K)]
  0x000001c03fc6f230 JavaThread "Cache worker for file hash cache (C:\Users\arjun\.gradle\caches\8.2\fileHashes)"        [_thread_blocked, id=2200, stack(0x0000009282800000,0x0000009282900000) (1024K)]
  0x000001c03fc6d7f0 JavaThread "File watcher server"        daemon [_thread_in_native, id=12948, stack(0x0000009282a00000,0x0000009282b00000) (1024K)]
  0x000001c03fc6d160 JavaThread "File watcher consumer"      daemon [_thread_blocked, id=10384, stack(0x0000009282b00000,0x0000009282c00000) (1024K)]
  0x000001c03fc6e510 JavaThread "jar transforms"                    [_thread_blocked, id=10824, stack(0x0000009281300000,0x0000009281400000) (1024K)]
  0x000001c04315ae40 JavaThread "jar transforms Thread 2"           [_thread_blocked, id=7676, stack(0x0000009282900000,0x0000009282a00000) (1024K)]
  0x000001c04315b4d0 JavaThread "jar transforms Thread 3"           [_thread_blocked, id=10656, stack(0x0000009282c00000,0x0000009282d00000) (1024K)]
  0x000001c043159a90 JavaThread "jar transforms Thread 4"           [_thread_blocked, id=4036, stack(0x0000009282d00000,0x0000009282e00000) (1024K)]
  0x000001c04315bb60 JavaThread "jar transforms Thread 5"           [_thread_blocked, id=1284, stack(0x0000009282e00000,0x0000009282f00000) (1024K)]
  0x000001c0431586e0 JavaThread "jar transforms Thread 6"           [_thread_blocked, id=6720, stack(0x0000009282f00000,0x0000009283000000) (1024K)]
  0x000001c04315a7b0 JavaThread "jar transforms Thread 7"           [_thread_blocked, id=4072, stack(0x0000009283000000,0x0000009283100000) (1024K)]
  0x000001c04315a120 JavaThread "jar transforms Thread 8"           [_thread_blocked, id=6524, stack(0x0000009283100000,0x0000009283200000) (1024K)]
  0x000001c0411421b0 JavaThread "C2 CompilerThread1"         daemon [_thread_in_native, id=3184, stack(0x0000009283200000,0x0000009283300000) (1024K)]
  0x000001c041142880 JavaThread "C2 CompilerThread2"         daemon [_thread_in_native, id=11936, stack(0x0000009283300000,0x0000009283400000) (1024K)]
  0x000001c043158d70 JavaThread "Cache worker for checksums cache (E:\shivayscreation\.gradle\8.2\checksums)"        [_thread_blocked, id=9668, stack(0x0000009283400000,0x0000009283500000) (1024K)]
  0x000001c043159400 JavaThread "Cache worker for cache directory md-rule (C:\Users\arjun\.gradle\caches\8.2\md-rule)"        [_thread_blocked, id=3536, stack(0x0000009283500000,0x0000009283600000) (1024K)]
  0x000001c0401a1cb0 JavaThread "Cache worker for file content cache (C:\Users\arjun\.gradle\caches\8.2\fileContent)"        [_thread_blocked, id=8176, stack(0x0000009283600000,0x0000009283700000) (1024K)]
  0x000001c0401a5130 JavaThread "Cache worker for file hash cache (E:\shivayscreation\.gradle\8.2\fileHashes)"        [_thread_blocked, id=11732, stack(0x0000009283700000,0x0000009283800000) (1024K)]
  0x000001c0401a57c0 JavaThread "Cache worker for cache directory md-supplier (C:\Users\arjun\.gradle\caches\8.2\md-supplier)"        [_thread_blocked, id=6128, stack(0x0000009283800000,0x0000009283900000) (1024K)]
  0x000001c0401a3d80 JavaThread "Cache worker for execution history cache (C:\Users\arjun\.gradle\caches\8.2\executionHistory)"        [_thread_blocked, id=7116, stack(0x0000009283900000,0x0000009283a00000) (1024K)]
Total: 42

Other Threads:
  0x000001c03e041cb0 VMThread "VM Thread"                           [id=11180, stack(0x0000009280800000,0x0000009280900000) (1024K)]
  0x000001c039d90e20 WatcherThread "VM Periodic Task Thread"        [id=2696, stack(0x0000009280700000,0x0000009280800000) (1024K)]
  0x000001c0226f2c30 WorkerThread "GC Thread#0"                     [id=2692, stack(0x0000009280200000,0x0000009280300000) (1024K)]
  0x000001c03ef11870 WorkerThread "GC Thread#1"                     [id=4068, stack(0x0000009281400000,0x0000009281500000) (1024K)]
  0x000001c03f2fe010 WorkerThread "GC Thread#2"                     [id=5372, stack(0x0000009281500000,0x0000009281600000) (1024K)]
  0x000001c03ee39390 WorkerThread "GC Thread#3"                     [id=6312, stack(0x0000009281600000,0x0000009281700000) (1024K)]
  0x000001c03ed6e6c0 WorkerThread "GC Thread#4"                     [id=10380, stack(0x0000009281700000,0x0000009281800000) (1024K)]
  0x000001c03f2d3760 WorkerThread "GC Thread#5"                     [id=5044, stack(0x0000009282200000,0x0000009282300000) (1024K)]
  0x000001c03f2d3f10 WorkerThread "GC Thread#6"                     [id=7452, stack(0x0000009282300000,0x0000009282400000) (1024K)]
  0x000001c03fd88490 WorkerThread "GC Thread#7"                     [id=5328, stack(0x0000009282400000,0x0000009282500000) (1024K)]
  0x000001c022703b20 ConcurrentGCThread "G1 Main Marker"            [id=12148, stack(0x0000009280300000,0x0000009280400000) (1024K)]
  0x000001c022704530 WorkerThread "G1 Conc#0"                       [id=11112, stack(0x0000009280400000,0x0000009280500000) (1024K)]
  0x000001c03fba5030 WorkerThread "G1 Conc#1"                       [id=1428, stack(0x0000009282500000,0x0000009282600000) (1024K)]
  0x000001c039c68990 ConcurrentGCThread "G1 Refine#0"               [id=4492, stack(0x0000009280500000,0x0000009280600000) (1024K)]
  0x000001c039c691b0 ConcurrentGCThread "G1 Service"                [id=10084, stack(0x0000009280600000,0x0000009280700000) (1024K)]
Total: 15

Threads with active compile tasks:
C2 CompilerThread0  4491 4299       4       groovyjarjarantlr4.v4.runtime.atn.ParserATNSimulator::closure (784 bytes)
C2 CompilerThread1  4491 4326       4       groovyjarjarantlr4.v4.runtime.atn.PredictionContext::join (569 bytes)
C2 CompilerThread2  4491 4143       4       jdk.internal.loader.BuiltinClassLoader::loadClass (22 bytes)
Total: 3

VM state: not at safepoint (normal execution)

VM Mutex/Monitor currently owned by a thread: None

Heap address: 0x0000000080000000, size: 2048 MB, Compressed Oops mode: 32-bit

CDS archive(s) not mapped
Compressed class space mapped at: 0x0000000100000000-0x0000000140000000, reserved size: 1073741824
Narrow klass base: 0x0000000000000000, Narrow klass shift: 3, Narrow klass range: 0x140000000

GC Precious Log:
 CardTable entry size: 512
 Card Set container configuration: InlinePtr #cards 5 size 8 Array Of Cards #cards 12 size 40 Howl #buckets 4 coarsen threshold 1843 Howl Bitmap #cards 512 size 80 coarsen threshold 460 Card regions per heap region 1 cards per card region 2048
 CPUs: 8 total, 8 available
 Memory: 11930M
 Large Page Support: Disabled
 NUMA Support: Disabled
 Compressed Oops: Enabled (32-bit)
 Heap Region Size: 1M
 Heap Min Capacity: 8M
 Heap Initial Capacity: 188M
 Heap Max Capacity: 2G
 Pre-touch: Disabled
 Parallel Workers: 8
 Concurrent Workers: 2
 Concurrent Refinement Workers: 8
 Periodic GC: Disabled

Heap:
 garbage-first heap   total 82944K, used 46720K [0x0000000080000000, 0x0000000100000000)
  region size 1024K, 6 young (6144K), 4 survivors (4096K)
 Metaspace       used 45355K, committed 46528K, reserved 1114112K
  class space    used 6198K, committed 6784K, reserved 1048576K

Heap Regions: E=young(eden), S=young(survivor), O=old, HS=humongous(starts), HC=humongous(continues), CS=collection set, F=free, TAMS=top-at-mark-start, PB=parsable bottom
|   0|0x0000000080000000, 0x0000000080100000, 0x0000000080100000|100%|HS|  |TAMS 0x0000000080000000| PB 0x0000000080000000| Complete 
|   1|0x0000000080100000, 0x0000000080200000, 0x0000000080200000|100%|HC|  |TAMS 0x0000000080100000| PB 0x0000000080100000| Complete 
|   2|0x0000000080200000, 0x0000000080300000, 0x0000000080300000|100%|HC|  |TAMS 0x0000000080200000| PB 0x0000000080200000| Complete 
|   3|0x0000000080300000, 0x0000000080400000, 0x0000000080400000|100%|HC|  |TAMS 0x0000000080300000| PB 0x0000000080300000| Complete 
|   4|0x0000000080400000, 0x0000000080500000, 0x0000000080500000|100%| O|  |TAMS 0x0000000080400000| PB 0x0000000080400000| Untracked 
|   5|0x0000000080500000, 0x0000000080600000, 0x0000000080600000|100%| O|  |TAMS 0x0000000080500000| PB 0x0000000080500000| Untracked 
|   6|0x0000000080600000, 0x0000000080700000, 0x0000000080700000|100%| O|  |TAMS 0x0000000080600000| PB 0x0000000080600000| Untracked 
|   7|0x0000000080700000, 0x0000000080800000, 0x0000000080800000|100%| O|  |TAMS 0x0000000080700000| PB 0x0000000080700000| Untracked 
|   8|0x0000000080800000, 0x0000000080900000, 0x0000000080900000|100%| O|  |TAMS 0x0000000080800000| PB 0x0000000080800000| Untracked 
|   9|0x0000000080900000, 0x0000000080a00000, 0x0000000080a00000|100%| O|  |TAMS 0x0000000080900000| PB 0x0000000080900000| Untracked 
|  10|0x0000000080a00000, 0x0000000080b00000, 0x0000000080b00000|100%| O|  |TAMS 0x0000000080a00000| PB 0x0000000080a00000| Untracked 
|  11|0x0000000080b00000, 0x0000000080c00000, 0x0000000080c00000|100%| O|  |TAMS 0x0000000080b00000| PB 0x0000000080b00000| Untracked 
|  12|0x0000000080c00000, 0x0000000080d00000, 0x0000000080d00000|100%| O|  |TAMS 0x0000000080c00000| PB 0x0000000080c00000| Untracked 
|  13|0x0000000080d00000, 0x0000000080e00000, 0x0000000080e00000|100%| O|  |TAMS 0x0000000080d00000| PB 0x0000000080d00000| Untracked 
|  14|0x0000000080e00000, 0x0000000080f00000, 0x0000000080f00000|100%| O|  |TAMS 0x0000000080e00000| PB 0x0000000080e00000| Untracked 
|  15|0x0000000080f00000, 0x0000000081000000, 0x0000000081000000|100%| O|  |TAMS 0x0000000080f00000| PB 0x0000000080f00000| Untracked 
|  16|0x0000000081000000, 0x0000000081100000, 0x0000000081100000|100%| O|  |TAMS 0x0000000081000000| PB 0x0000000081000000| Untracked 
|  17|0x0000000081100000, 0x0000000081200000, 0x0000000081200000|100%| O|  |TAMS 0x0000000081100000| PB 0x0000000081100000| Untracked 
|  18|0x0000000081200000, 0x0000000081300000, 0x0000000081300000|100%| O|  |TAMS 0x0000000081200000| PB 0x0000000081200000| Untracked 
|  19|0x0000000081300000, 0x0000000081400000, 0x0000000081400000|100%| O|  |TAMS 0x0000000081300000| PB 0x0000000081300000| Untracked 
|  20|0x0000000081400000, 0x0000000081500000, 0x0000000081500000|100%|HS|  |TAMS 0x0000000081400000| PB 0x0000000081400000| Complete 
|  21|0x0000000081500000, 0x0000000081600000, 0x0000000081600000|100%|HC|  |TAMS 0x0000000081500000| PB 0x0000000081500000| Complete 
|  22|0x0000000081600000, 0x0000000081700000, 0x0000000081700000|100%|HC|  |TAMS 0x0000000081600000| PB 0x0000000081600000| Complete 
|  23|0x0000000081700000, 0x0000000081800000, 0x0000000081800000|100%|HC|  |TAMS 0x0000000081700000| PB 0x0000000081700000| Complete 
|  24|0x0000000081800000, 0x0000000081900000, 0x0000000081900000|100%|HC|  |TAMS 0x0000000081800000| PB 0x0000000081800000| Complete 
|  25|0x0000000081900000, 0x0000000081a00000, 0x0000000081a00000|100%|HC|  |TAMS 0x0000000081900000| PB 0x0000000081900000| Complete 
|  26|0x0000000081a00000, 0x0000000081b00000, 0x0000000081b00000|100%|HS|  |TAMS 0x0000000081a00000| PB 0x0000000081a00000| Complete 
|  27|0x0000000081b00000, 0x0000000081c00000, 0x0000000081c00000|100%|HC|  |TAMS 0x0000000081b00000| PB 0x0000000081b00000| Complete 
|  28|0x0000000081c00000, 0x0000000081d00000, 0x0000000081d00000|100%|HC|  |TAMS 0x0000000081c00000| PB 0x0000000081c00000| Complete 
|  29|0x0000000081d00000, 0x0000000081e00000, 0x0000000081e00000|100%|HS|  |TAMS 0x0000000081d00000| PB 0x0000000081d00000| Complete 
|  30|0x0000000081e00000, 0x0000000081f00000, 0x0000000081f00000|100%|HC|  |TAMS 0x0000000081e00000| PB 0x0000000081e00000| Complete 
|  31|0x0000000081f00000, 0x0000000082000000, 0x0000000082000000|100%| O|  |TAMS 0x0000000081f00000| PB 0x0000000081f00000| Untracked 
|  32|0x0000000082000000, 0x0000000082100000, 0x0000000082100000|100%|HS|  |TAMS 0x0000000082000000| PB 0x0000000082000000| Complete 
|  33|0x0000000082100000, 0x0000000082200000, 0x0000000082200000|100%| O|  |TAMS 0x0000000082100000| PB 0x0000000082100000| Untracked 
|  34|0x0000000082200000, 0x0000000082300000, 0x0000000082300000|100%| O|  |TAMS 0x0000000082200000| PB 0x0000000082200000| Untracked 
|  35|0x0000000082300000, 0x0000000082400000, 0x0000000082400000|100%| O|  |TAMS 0x0000000082300000| PB 0x0000000082300000| Untracked 
|  36|0x0000000082400000, 0x0000000082500000, 0x0000000082500000|100%| O|  |TAMS 0x0000000082400000| PB 0x0000000082400000| Untracked 
|  37|0x0000000082500000, 0x0000000082600000, 0x0000000082600000|100%| O|  |TAMS 0x0000000082500000| PB 0x0000000082500000| Untracked 
|  38|0x0000000082600000, 0x0000000082700000, 0x0000000082700000|100%| O|Cm|TAMS 0x0000000082600000| PB 0x0000000082600000| Complete 
|  39|0x0000000082700000, 0x0000000082800000, 0x0000000082800000|100%| O|  |TAMS 0x0000000082700000| PB 0x0000000082700000| Untracked 
|  40|0x0000000082800000, 0x0000000082900000, 0x0000000082900000|100%| O|  |TAMS 0x0000000082800000| PB 0x0000000082800000| Untracked 
|  41|0x0000000082900000, 0x000000008292ee18, 0x0000000082a00000| 18%| O|  |TAMS 0x0000000082900000| PB 0x0000000082900000| Untracked 
|  42|0x0000000082a00000, 0x0000000082a00000, 0x0000000082b00000|  0%| F|  |TAMS 0x0000000082a00000| PB 0x0000000082a00000| Untracked 
|  43|0x0000000082b00000, 0x0000000082b00000, 0x0000000082c00000|  0%| F|  |TAMS 0x0000000082b00000| PB 0x0000000082b00000| Untracked 
|  44|0x0000000082c00000, 0x0000000082c00000, 0x0000000082d00000|  0%| F|  |TAMS 0x0000000082c00000| PB 0x0000000082c00000| Untracked 
|  45|0x0000000082d00000, 0x0000000082d00000, 0x0000000082e00000|  0%| F|  |TAMS 0x0000000082d00000| PB 0x0000000082d00000| Untracked 
|  46|0x0000000082e00000, 0x0000000082e00000, 0x0000000082f00000|  0%| F|  |TAMS 0x0000000082e00000| PB 0x0000000082e00000| Untracked 
|  47|0x0000000082f00000, 0x0000000082f00000, 0x0000000083000000|  0%| F|  |TAMS 0x0000000082f00000| PB 0x0000000082f00000| Untracked 
|  48|0x0000000083000000, 0x0000000083000000, 0x0000000083100000|  0%| F|  |TAMS 0x0000000083000000| PB 0x0000000083000000| Untracked 
|  49|0x0000000083100000, 0x0000000083100000, 0x0000000083200000|  0%| F|  |TAMS 0x0000000083100000| PB 0x0000000083100000| Untracked 
|  50|0x0000000083200000, 0x00000000832715a8, 0x0000000083300000| 44%| S|CS|TAMS 0x0000000083200000| PB 0x0000000083200000| Complete 
|  51|0x0000000083300000, 0x0000000083400000, 0x0000000083400000|100%| S|CS|TAMS 0x0000000083300000| PB 0x0000000083300000| Complete 
|  52|0x0000000083400000, 0x0000000083500000, 0x0000000083500000|100%| S|CS|TAMS 0x0000000083400000| PB 0x0000000083400000| Complete 
|  53|0x0000000083500000, 0x0000000083600000, 0x0000000083600000|100%| S|CS|TAMS 0x0000000083500000| PB 0x0000000083500000| Complete 
|  54|0x0000000083600000, 0x0000000083600000, 0x0000000083700000|  0%| F|  |TAMS 0x0000000083600000| PB 0x0000000083600000| Untracked 
|  55|0x0000000083700000, 0x0000000083700000, 0x0000000083800000|  0%| F|  |TAMS 0x0000000083700000| PB 0x0000000083700000| Untracked 
|  56|0x0000000083800000, 0x0000000083800000, 0x0000000083900000|  0%| F|  |TAMS 0x0000000083800000| PB 0x0000000083800000| Untracked 
|  57|0x0000000083900000, 0x0000000083900000, 0x0000000083a00000|  0%| F|  |TAMS 0x0000000083900000| PB 0x0000000083900000| Untracked 
|  58|0x0000000083a00000, 0x0000000083a00000, 0x0000000083b00000|  0%| F|  |TAMS 0x0000000083a00000| PB 0x0000000083a00000| Untracked 
|  59|0x0000000083b00000, 0x0000000083b00000, 0x0000000083c00000|  0%| F|  |TAMS 0x0000000083b00000| PB 0x0000000083b00000| Untracked 
|  60|0x0000000083c00000, 0x0000000083c00000, 0x0000000083d00000|  0%| F|  |TAMS 0x0000000083c00000| PB 0x0000000083c00000| Untracked 
|  61|0x0000000083d00000, 0x0000000083d00000, 0x0000000083e00000|  0%| F|  |TAMS 0x0000000083d00000| PB 0x0000000083d00000| Untracked 
|  62|0x0000000083e00000, 0x0000000083e00000, 0x0000000083f00000|  0%| F|  |TAMS 0x0000000083e00000| PB 0x0000000083e00000| Untracked 
|  63|0x0000000083f00000, 0x0000000083f00000, 0x0000000084000000|  0%| F|  |TAMS 0x0000000083f00000| PB 0x0000000083f00000| Untracked 
|  64|0x0000000084000000, 0x0000000084000000, 0x0000000084100000|  0%| F|  |TAMS 0x0000000084000000| PB 0x0000000084000000| Untracked 
|  65|0x0000000084100000, 0x0000000084100000, 0x0000000084200000|  0%| F|  |TAMS 0x0000000084100000| PB 0x0000000084100000| Untracked 
|  66|0x0000000084200000, 0x0000000084200000, 0x0000000084300000|  0%| F|  |TAMS 0x0000000084200000| PB 0x0000000084200000| Untracked 
|  67|0x0000000084300000, 0x0000000084300000, 0x0000000084400000|  0%| F|  |TAMS 0x0000000084300000| PB 0x0000000084300000| Untracked 
|  68|0x0000000084400000, 0x0000000084400000, 0x0000000084500000|  0%| F|  |TAMS 0x0000000084400000| PB 0x0000000084400000| Untracked 
|  69|0x0000000084500000, 0x0000000084500000, 0x0000000084600000|  0%| F|  |TAMS 0x0000000084500000| PB 0x0000000084500000| Untracked 
| 139|0x0000000088b00000, 0x0000000088b00000, 0x0000000088c00000|  0%| F|  |TAMS 0x0000000088b00000| PB 0x0000000088b00000| Untracked 
| 140|0x0000000088c00000, 0x0000000088c00000, 0x0000000088d00000|  0%| F|  |TAMS 0x0000000088c00000| PB 0x0000000088c00000| Untracked 
| 141|0x0000000088d00000, 0x0000000088d00000, 0x0000000088e00000|  0%| F|  |TAMS 0x0000000088d00000| PB 0x0000000088d00000| Untracked 
| 142|0x0000000088e00000, 0x0000000088e00000, 0x0000000088f00000|  0%| F|  |TAMS 0x0000000088e00000| PB 0x0000000088e00000| Untracked 
| 143|0x0000000088f00000, 0x0000000088f00000, 0x0000000089000000|  0%| F|  |TAMS 0x0000000088f00000| PB 0x0000000088f00000| Untracked 
| 144|0x0000000089000000, 0x0000000089000000, 0x0000000089100000|  0%| F|  |TAMS 0x0000000089000000| PB 0x0000000089000000| Untracked 
| 145|0x0000000089100000, 0x0000000089100000, 0x0000000089200000|  0%| F|  |TAMS 0x0000000089100000| PB 0x0000000089100000| Untracked 
| 146|0x0000000089200000, 0x0000000089200000, 0x0000000089300000|  0%| F|  |TAMS 0x0000000089200000| PB 0x0000000089200000| Untracked 
| 147|0x0000000089300000, 0x000000008930cd20, 0x0000000089400000|  5%| E|  |TAMS 0x0000000089300000| PB 0x0000000089300000| Complete 
| 186|0x000000008ba00000, 0x000000008bb00000, 0x000000008bb00000|100%| E|CS|TAMS 0x000000008ba00000| PB 0x000000008ba00000| Complete 
| 187|0x000000008bb00000, 0x000000008bc00000, 0x000000008bc00000|100%| E|CS|TAMS 0x000000008bb00000| PB 0x000000008bb00000| Complete 

Card table byte_map: [0x000001c034f20000,0x000001c035320000] _byte_map_base: 0x000001c034b20000

Marking Bits: (CMBitMap*) 0x000001c0226f3240
 Bits: [0x000001c035320000, 0x000001c037320000)

Polling page: 0x000001c020620000

Metaspace:

Usage:
  Non-class:     38.26 MB used.
      Class:      6.05 MB used.
       Both:     44.32 MB used.

Virtual space:
  Non-class space:       64.00 MB reserved,      38.81 MB ( 61%) committed,  1 nodes.
      Class space:        1.00 GB reserved,       6.62 MB ( <1%) committed,  1 nodes.
             Both:        1.06 GB reserved,      45.44 MB (  4%) committed. 

Chunk freelists:
   Non-Class:  8.52 MB
       Class:  9.39 MB
        Both:  17.91 MB

MaxMetaspaceSize: unlimited
CompressedClassSpaceSize: 1.00 GB
Initial GC threshold: 21.00 MB
Current GC threshold: 70.31 MB
CDS: off
 - commit_granule_bytes: 65536.
 - commit_granule_words: 8192.
 - virtual_space_node_default_size: 8388608.
 - enlarge_chunks_in_place: 1.
 - use_allocation_guard: 0.


Internal statistics:

num_allocs_failed_limit: 3.
num_arena_births: 2032.
num_arena_deaths: 0.
num_vsnodes_births: 2.
num_vsnodes_deaths: 0.
num_space_committed: 727.
num_space_uncommitted: 0.
num_chunks_returned_to_freelist: 3.
num_chunks_taken_from_freelist: 3637.
num_chunk_merges: 3.
num_chunk_splits: 2388.
num_chunks_enlarged: 1506.
num_inconsistent_stats: 0.

CodeHeap 'non-profiled nmethods': size=120000Kb used=2055Kb max_used=2169Kb free=117944Kb
 bounds [0x000001c02d2c0000, 0x000001c02d530000, 0x000001c0347f0000]
CodeHeap 'profiled nmethods': size=120000Kb used=7235Kb max_used=7235Kb free=112764Kb
 bounds [0x000001c0257f0000, 0x000001c025f10000, 0x000001c02cd20000]
CodeHeap 'non-nmethods': size=5760Kb used=2094Kb max_used=2130Kb free=3665Kb
 bounds [0x000001c02cd20000, 0x000001c02cf90000, 0x000001c02d2c0000]
 total_blobs=4570 nmethods=3877 adapters=596
 compilation: enabled
              stopped_count=0, restarted_count=0
 full_count=0

Compilation events (20 events):
Event: 3.414 Thread 0x000001c03e0e6ec0 4406       2       sun.invoke.util.VerifyAccess::isModuleAccessible (97 bytes)
Event: 3.415 Thread 0x000001c03e0e6ec0 nmethod 4406 0x000001c025ef1a90 code [0x000001c025ef1ce0, 0x000001c025ef22c8]
Event: 3.451 Thread 0x000001c03e0e6ec0 4407   !   2       java.lang.invoke.MethodHandles$Lookup::revealDirect (196 bytes)
Event: 3.452 Thread 0x000001c03e0e6ec0 nmethod 4407 0x000001c025ef2690 code [0x000001c025ef2940, 0x000001c025ef31a0]
Event: 3.452 Thread 0x000001c03e0e6ec0 4408       2       java.lang.invoke.AbstractValidatingLambdaMetafactory::isAdaptableToAsReturn (36 bytes)
Event: 3.452 Thread 0x000001c03e0e6ec0 nmethod 4408 0x000001c025ef3690 code [0x000001c025ef3840, 0x000001c025ef39e0]
Event: 3.628 Thread 0x000001c03e0e6ec0 4409   !   2       java.util.concurrent.locks.AbstractQueuedSynchronizer::tryInitializeHead (66 bytes)
Event: 3.629 Thread 0x000001c03e0e6ec0 nmethod 4409 0x000001c025ef3b10 code [0x000001c025ef3ce0, 0x000001c025ef4090]
Event: 3.772 Thread 0x000001c03e0e6ec0 4410   !   2       java.util.concurrent.locks.AbstractQueuedSynchronizer$ConditionObject::newConditionNode (78 bytes)
Event: 3.773 Thread 0x000001c03e0e6ec0 nmethod 4410 0x000001c025ef4210 code [0x000001c025ef4420, 0x000001c025ef47f8]
Event: 3.774 Thread 0x000001c03e0e6ec0 4411       2       java.util.concurrent.locks.AbstractQueuedSynchronizer$ConditionNode::<init> (5 bytes)
Event: 3.774 Thread 0x000001c03e0e6ec0 nmethod 4411 0x000001c025ef4a10 code [0x000001c025ef4ba0, 0x000001c025ef4ca8]
Event: 3.789 Thread 0x000001c03e0e6ec0 4412       2       java.util.concurrent.locks.ReentrantLock$NonfairSync::tryAcquire (27 bytes)
Event: 3.789 Thread 0x000001c03e0e6ec0 nmethod 4412 0x000001c025ef4d90 code [0x000001c025ef4f40, 0x000001c025ef5118]
Event: 3.918 Thread 0x000001c03e0e6ec0 4413   !   2       java.util.concurrent.locks.AbstractQueuedSynchronizer::acquire (424 bytes)
Event: 3.920 Thread 0x000001c03e0e6ec0 nmethod 4413 0x000001c025ef5210 code [0x000001c025ef5500, 0x000001c025ef6228]
Event: 3.982 Thread 0x000001c03e0e6ec0 4414       2       jdk.internal.misc.Unsafe::putIntOpaque (9 bytes)
Event: 3.982 Thread 0x000001c03e0e6ec0 nmethod 4414 0x000001c025ef6990 code [0x000001c025ef6b20, 0x000001c025ef6c30]
Event: 4.400 Thread 0x000001c03e0e6ec0 4415       2       java.util.concurrent.locks.AbstractQueuedSynchronizer$ConditionObject::awaitNanos (207 bytes)
Event: 4.401 Thread 0x000001c03e0e6ec0 nmethod 4415 0x000001c025ef6d10 code [0x000001c025ef6fa0, 0x000001c025ef7780]

GC Heap History (20 events):
Event: 0.393 GC heap before
{Heap before GC invocations=0 (full 0):
 garbage-first heap   total 192512K, used 26624K [0x0000000080000000, 0x0000000100000000)
  region size 1024K, 23 young (23552K), 0 survivors (0K)
 Metaspace       used 10811K, committed 11008K, reserved 1114112K
  class space    used 1124K, committed 1216K, reserved 1048576K
}
Event: 0.397 GC heap after
{Heap after GC invocations=1 (full 0):
 garbage-first heap   total 192512K, used 10228K [0x0000000080000000, 0x0000000100000000)
  region size 1024K, 3 young (3072K), 3 survivors (3072K)
 Metaspace       used 10811K, committed 11008K, reserved 1114112K
  class space    used 1124K, committed 1216K, reserved 1048576K
}
Event: 0.616 GC heap before
{Heap before GC invocations=1 (full 0):
 garbage-first heap   total 192512K, used 39924K [0x0000000080000000, 0x0000000100000000)
  region size 1024K, 32 young (32768K), 3 survivors (3072K)
 Metaspace       used 11931K, committed 12032K, reserved 1114112K
  class space    used 1239K, committed 1280K, reserved 1048576K
}
Event: 0.619 GC heap after
{Heap after GC invocations=2 (full 0):
 garbage-first heap   total 192512K, used 14559K [0x0000000080000000, 0x0000000100000000)
  region size 1024K, 4 young (4096K), 4 survivors (4096K)
 Metaspace       used 11931K, committed 12032K, reserved 1114112K
  class space    used 1239K, committed 1280K, reserved 1048576K
}
Event: 1.037 GC heap before
{Heap before GC invocations=2 (full 0):
 garbage-first heap   total 192512K, used 50399K [0x0000000080000000, 0x0000000100000000)
  region size 1024K, 40 young (40960K), 4 survivors (4096K)
 Metaspace       used 21211K, committed 21504K, reserved 1114112K
  class space    used 2451K, committed 2560K, reserved 1048576K
}
Event: 1.041 GC heap after
{Heap after GC invocations=3 (full 0):
 garbage-first heap   total 192512K, used 19373K [0x0000000080000000, 0x0000000100000000)
  region size 1024K, 9 young (9216K), 9 survivors (9216K)
 Metaspace       used 21211K, committed 21504K, reserved 1114112K
  class space    used 2451K, committed 2560K, reserved 1048576K
}
Event: 1.320 GC heap before
{Heap before GC invocations=4 (full 0):
 garbage-first heap   total 68608K, used 50093K [0x0000000080000000, 0x0000000100000000)
  region size 1024K, 40 young (40960K), 9 survivors (9216K)
 Metaspace       used 26396K, committed 26944K, reserved 1114112K
  class space    used 3268K, committed 3520K, reserved 1048576K
}
Event: 1.325 GC heap after
{Heap after GC invocations=5 (full 0):
 garbage-first heap   total 68608K, used 21066K [0x0000000080000000, 0x0000000100000000)
  region size 1024K, 3 young (3072K), 3 survivors (3072K)
 Metaspace       used 26396K, committed 26944K, reserved 1114112K
  class space    used 3268K, committed 3520K, reserved 1048576K
}
Event: 1.638 GC heap before
{Heap before GC invocations=5 (full 0):
 garbage-first heap   total 68608K, used 51786K [0x0000000080000000, 0x0000000100000000)
  region size 1024K, 33 young (33792K), 3 survivors (3072K)
 Metaspace       used 30840K, committed 31552K, reserved 1114112K
  class space    used 4055K, committed 4416K, reserved 1048576K
}
Event: 1.641 GC heap after
{Heap after GC invocations=6 (full 0):
 garbage-first heap   total 68608K, used 23295K [0x0000000080000000, 0x0000000100000000)
  region size 1024K, 4 young (4096K), 4 survivors (4096K)
 Metaspace       used 30840K, committed 31552K, reserved 1114112K
  class space    used 4055K, committed 4416K, reserved 1048576K
}
Event: 2.561 GC heap before
{Heap before GC invocations=6 (full 0):
 garbage-first heap   total 68608K, used 45823K [0x0000000080000000, 0x0000000100000000)
  region size 1024K, 17 young (17408K), 4 survivors (4096K)
 Metaspace       used 32364K, committed 33152K, reserved 1114112K
  class space    used 4305K, committed 4672K, reserved 1048576K
}
Event: 2.565 GC heap after
{Heap after GC invocations=7 (full 0):
 garbage-first heap   total 68608K, used 37773K [0x0000000080000000, 0x0000000100000000)
  region size 1024K, 5 young (5120K), 5 survivors (5120K)
 Metaspace       used 32364K, committed 33152K, reserved 1114112K
  class space    used 4305K, committed 4672K, reserved 1048576K
}
Event: 2.777 GC heap before
{Heap before GC invocations=8 (full 0):
 garbage-first heap   total 68608K, used 59277K [0x0000000080000000, 0x0000000100000000)
  region size 1024K, 25 young (25600K), 5 survivors (5120K)
 Metaspace       used 34964K, committed 35776K, reserved 1114112K
  class space    used 4730K, committed 5120K, reserved 1048576K
}
Event: 2.780 GC heap after
{Heap after GC invocations=9 (full 0):
 garbage-first heap   total 82944K, used 40702K [0x0000000080000000, 0x0000000100000000)
  region size 1024K, 2 young (2048K), 2 survivors (2048K)
 Metaspace       used 34964K, committed 35776K, reserved 1114112K
  class space    used 4730K, committed 5120K, reserved 1048576K
}
Event: 3.008 GC heap before
{Heap before GC invocations=9 (full 0):
 garbage-first heap   total 82944K, used 68350K [0x0000000080000000, 0x0000000100000000)
  region size 1024K, 29 young (29696K), 2 survivors (2048K)
 Metaspace       used 38499K, committed 39552K, reserved 1114112K
  class space    used 5326K, committed 5824K, reserved 1048576K
}
Event: 3.010 GC heap after
{Heap after GC invocations=10 (full 0):
 garbage-first heap   total 82944K, used 41680K [0x0000000080000000, 0x0000000100000000)
  region size 1024K, 3 young (3072K), 3 survivors (3072K)
 Metaspace       used 38499K, committed 39552K, reserved 1114112K
  class space    used 5326K, committed 5824K, reserved 1048576K
}
Event: 3.198 GC heap before
{Heap before GC invocations=10 (full 0):
 garbage-first heap   total 82944K, used 70352K [0x0000000080000000, 0x0000000100000000)
  region size 1024K, 32 young (32768K), 3 survivors (3072K)
 Metaspace       used 42052K, committed 43200K, reserved 1114112K
  class space    used 5696K, committed 6272K, reserved 1048576K
}
Event: 3.201 GC heap after
{Heap after GC invocations=11 (full 0):
 garbage-first heap   total 82944K, used 44752K [0x0000000080000000, 0x0000000100000000)
  region size 1024K, 4 young (4096K), 4 survivors (4096K)
 Metaspace       used 42052K, committed 43200K, reserved 1114112K
  class space    used 5696K, committed 6272K, reserved 1048576K
}
Event: 3.418 GC heap before
{Heap before GC invocations=12 (full 0):
 garbage-first heap   total 82944K, used 72400K [0x0000000080000000, 0x0000000100000000)
  region size 1024K, 31 young (31744K), 4 survivors (4096K)
 Metaspace       used 44804K, committed 45952K, reserved 1114112K
  class space    used 6146K, committed 6720K, reserved 1048576K
}
Event: 3.421 GC heap after
{Heap after GC invocations=13 (full 0):
 garbage-first heap   total 82944K, used 45696K [0x0000000080000000, 0x0000000100000000)
  region size 1024K, 4 young (4096K), 4 survivors (4096K)
 Metaspace       used 44804K, committed 45952K, reserved 1114112K
  class space    used 6146K, committed 6720K, reserved 1048576K
}

Dll operation events (3 events):
Event: 0.005 Loaded shared library C:\Program Files\Android\Android Studio\jbr\bin\java.dll
Event: 0.008 Loaded shared library C:\Program Files\Android\Android Studio\jbr\bin\zip.dll
Event: 0.233 Loaded shared library C:\Program Files\Android\Android Studio\jbr\bin\verify.dll

Deoptimization events (20 events):
Event: 3.383 Thread 0x000001c03f0753b0 Uncommon trap: trap_request=0xffffff45 fr.pc=0x000001c02d4d8278 relative=0x0000000000000238
Event: 3.384 Thread 0x000001c03f0753b0 Uncommon trap: reason=unstable_if action=reinterpret pc=0x000001c02d4d8278 method=java.util.HashMap.getNode(Ljava/lang/Object;)Ljava/util/HashMap$Node; @ 85 c2
Event: 3.384 Thread 0x000001c03f0753b0 DEOPT PACKING pc=0x000001c02d4d8278 sp=0x0000009281ef7330
Event: 3.384 Thread 0x000001c03f0753b0 DEOPT UNPACKING pc=0x000001c02cd77da2 sp=0x0000009281ef7230 mode 2
Event: 3.384 Thread 0x000001c03f0753b0 Uncommon trap: trap_request=0xffffff45 fr.pc=0x000001c02d4aa5f8 relative=0x0000000000000238
Event: 3.384 Thread 0x000001c03f0753b0 Uncommon trap: reason=unstable_if action=reinterpret pc=0x000001c02d4aa5f8 method=java.util.HashMap.getNode(Ljava/lang/Object;)Ljava/util/HashMap$Node; @ 85 c2
Event: 3.384 Thread 0x000001c03f0753b0 DEOPT PACKING pc=0x000001c02d4aa5f8 sp=0x0000009281ef72b0
Event: 3.384 Thread 0x000001c03f0753b0 DEOPT UNPACKING pc=0x000001c02cd77da2 sp=0x0000009281ef7230 mode 2
Event: 3.452 Thread 0x000001c03f0753b0 Uncommon trap: trap_request=0xffffff6e fr.pc=0x000001c02d335844 relative=0x00000000000001a4
Event: 3.452 Thread 0x000001c03f0753b0 Uncommon trap: reason=loop_limit_check action=maybe_recompile pc=0x000001c02d335844 method=java.lang.StringLatin1.lastIndexOf([BII)I @ 19 c2
Event: 3.452 Thread 0x000001c03f0753b0 DEOPT PACKING pc=0x000001c02d335844 sp=0x0000009281ef7130
Event: 3.452 Thread 0x000001c03f0753b0 DEOPT UNPACKING pc=0x000001c02cd77da2 sp=0x0000009281ef6fe8 mode 2
Event: 3.452 Thread 0x000001c03f0753b0 Uncommon trap: trap_request=0xffffff6e fr.pc=0x000001c02d31f538 relative=0x0000000000000198
Event: 3.452 Thread 0x000001c03f0753b0 Uncommon trap: reason=loop_limit_check action=maybe_recompile pc=0x000001c02d31f538 method=java.lang.StringLatin1.lastIndexOf([BII)I @ 19 c2
Event: 3.452 Thread 0x000001c03f0753b0 DEOPT PACKING pc=0x000001c02d31f538 sp=0x0000009281ef7120
Event: 3.452 Thread 0x000001c03f0753b0 DEOPT UNPACKING pc=0x000001c02cd77da2 sp=0x0000009281ef7048 mode 2
Event: 3.773 Thread 0x000001c03f9cae70 Uncommon trap: trap_request=0xffffffc6 fr.pc=0x000001c02d385fd8 relative=0x0000000000000238
Event: 3.773 Thread 0x000001c03f9cae70 Uncommon trap: reason=bimorphic_or_optimized_type_check action=maybe_recompile pc=0x000001c02d385fd8 method=java.util.stream.ReferencePipeline.forEachWithCancel(Ljava/util/Spliterator;Ljava/util/stream/Sink;)Z @ 1 c2
Event: 3.773 Thread 0x000001c03f9cae70 DEOPT PACKING pc=0x000001c02d385fd8 sp=0x00000092818fef70
Event: 3.773 Thread 0x000001c03f9cae70 DEOPT UNPACKING pc=0x000001c02cd77da2 sp=0x00000092818fef00 mode 2

Classes loaded (20 events):
Event: 3.425 Loading class java/util/function/IntPredicate
Event: 3.425 Loading class java/util/function/IntPredicate done
Event: 3.426 Loading class java/util/stream/IntPipeline$10
Event: 3.426 Loading class java/util/stream/IntPipeline$StatelessOp
Event: 3.426 Loading class java/util/stream/IntPipeline$StatelessOp done
Event: 3.426 Loading class java/util/stream/IntPipeline$10 done
Event: 3.426 Loading class java/util/stream/ReduceOps$9
Event: 3.426 Loading class java/util/stream/ReduceOps$9 done
Event: 3.426 Loading class java/util/stream/ReduceOps$CountingSink$OfInt
Event: 3.426 Loading class java/util/stream/Sink$OfInt
Event: 3.426 Loading class java/util/function/IntConsumer
Event: 3.426 Loading class java/util/function/IntConsumer done
Event: 3.426 Loading class java/util/stream/Sink$OfInt done
Event: 3.426 Loading class java/util/stream/ReduceOps$CountingSink
Event: 3.426 Loading class java/util/stream/ReduceOps$CountingSink done
Event: 3.426 Loading class java/util/stream/ReduceOps$CountingSink$OfInt done
Event: 3.426 Loading class java/util/stream/IntPipeline$10$1
Event: 3.426 Loading class java/util/stream/Sink$ChainedInt
Event: 3.426 Loading class java/util/stream/Sink$ChainedInt done
Event: 3.426 Loading class java/util/stream/IntPipeline$10$1 done

Classes unloaded (0 events):
No events

Classes redefined (0 events):
No events

Internal exceptions (20 events):
Event: 2.921 Thread 0x000001c03f0753b0 Exception <a 'java/lang/NoSuchMethodError'{0x000000008409f310}: 'java.lang.Object java.lang.invoke.DirectMethodHandle$Holder.invokeVirtual(java.lang.Object, java.lang.Object, java.lang.Object, java.lang.Object, java.lang.Object, java.lang.Object, java.lang.Object, java.lang.Object, java.lang.Object, java.lang.Object, java.lang.Object, java.lang.Object, java.lang.Object, java.lang.Object)'> (0x000000008409f310) 
thrown [s\src\hotspot\share\interpreter\linkResolver.cpp, line 784]
Event: 2.922 Thread 0x000001c03f0753b0 Exception <a 'java/lang/NoSuchMethodError'{0x00000000840a4de0}: 'java.lang.Object java.lang.invoke.DirectMethodHandle$Holder.invokeSpecial(java.lang.Object, java.lang.Object, java.lang.Object, java.lang.Object, java.lang.Object, java.lang.Object, java.lang.Object, java.lang.Object, java.lang.Object, java.lang.Object, java.lang.Object, java.lang.Object, java.lang.Object, java.lang.Object, java.lang.Object)'> (0x00000000840a4de0) 
thrown [s\src\hotspot\share\interpreter\linkResolver.cpp, line 784]
Event: 2.922 Thread 0x000001c03f0753b0 Exception <a 'java/lang/NoSuchMethodError'{0x00000000840aa1f0}: 'java.lang.Object java.lang.invoke.DelegatingMethodHandle$Holder.reinvoke_L(java.lang.Object, java.lang.Object, java.lang.Object, java.lang.Object, java.lang.Object, java.lang.Object, java.lang.Object, java.lang.Object, java.lang.Object, java.lang.Object, java.lang.Object, java.lang.Object, java.lang.Object, java.lang.Object)'> (0x00000000840aa1f0) 
thrown [s\src\hotspot\share\interpreter\linkResolver.cpp, line 784]
Event: 2.979 Thread 0x000001c03f0753b0 Exception <a 'java/lang/IncompatibleClassChangeError'{0x0000000083a51838}: Found class java.lang.Object, but interface was expected> (0x0000000083a51838) 
thrown [s\src\hotspot\share\interpreter\linkResolver.cpp, line 851]
Event: 2.984 Thread 0x000001c03f0753b0 Exception <a 'java/lang/NoSuchMethodError'{0x0000000083aa0c80}: 'java.lang.Object java.lang.invoke.DirectMethodHandle$Holder.invokeVirtual(java.lang.Object, java.lang.Object, java.lang.Object, java.lang.Object, java.lang.Object, java.lang.Object, java.lang.Object, java.lang.Object, java.lang.Object, java.lang.Object, java.lang.Object, java.lang.Object, java.lang.Object, java.lang.Object, java.lang.Object)'> (0x0000000083aa0c80) 
thrown [s\src\hotspot\share\interpreter\linkResolver.cpp, line 784]
Event: 2.984 Thread 0x000001c03f0753b0 Exception <a 'java/lang/NoSuchMethodError'{0x0000000083aa6920}: 'java.lang.Object java.lang.invoke.DirectMethodHandle$Holder.invokeSpecial(java.lang.Object, java.lang.Object, java.lang.Object, java.lang.Object, java.lang.Object, java.lang.Object, java.lang.Object, java.lang.Object, java.lang.Object, java.lang.Object, java.lang.Object, java.lang.Object, java.lang.Object, java.lang.Object, java.lang.Object, java.lang.Object)'> (0x0000000083aa6920) 
thrown [s\src\hotspot\share\interpreter\linkResolver.cpp, li
Event: 2.984 Thread 0x000001c03f0753b0 Exception <a 'java/lang/NoSuchMethodError'{0x0000000083aabec0}: 'java.lang.Object java.lang.invoke.DelegatingMethodHandle$Holder.reinvoke_L(java.lang.Object, java.lang.Object, java.lang.Object, java.lang.Object, java.lang.Object, java.lang.Object, java.lang.Object, java.lang.Object, java.lang.Object, java.lang.Object, java.lang.Object, java.lang.Object, java.lang.Object, java.lang.Object, java.lang.Object)'> (0x0000000083aabec0) 
thrown [s\src\hotspot\share\interpreter\linkResolver.cpp, line 784]
Event: 2.991 Thread 0x000001c03f0753b0 Exception <a 'java/lang/NoSuchMethodError'{0x00000000839d0bf0}: 'java.lang.Object java.lang.invoke.DirectMethodHandle$Holder.invokeVirtual(java.lang.Object, java.lang.Object, java.lang.Object, java.lang.Object, java.lang.Object, java.lang.Object, java.lang.Object, java.lang.Object, java.lang.Object, java.lang.Object, java.lang.Object, java.lang.Object, java.lang.Object, java.lang.Object, java.lang.Object, java.lang.Object, java.lang.Object, java.lang.Object, java.lang.Object, java.lang.Object, java.lang.Ob
Event: 2.991 Thread 0x000001c03f0753b0 Exception <a 'java/lang/NoSuchMethodError'{0x00000000839d75a8}: 'java.lang.Object java.lang.invoke.DirectMethodHandle$Holder.invokeSpecial(java.lang.Object, java.lang.Object, java.lang.Object, java.lang.Object, java.lang.Object, java.lang.Object, java.lang.Object, java.lang.Object, java.lang.Object, java.lang.Object, java.lang.Object, java.lang.Object, java.lang.Object, java.lang.Object, java.lang.Object, java.lang.Object, java.lang.Object, java.lang.Object, java.lang.Object, java.lang.Object, java.lang.Ob
Event: 2.991 Thread 0x000001c03f0753b0 Exception <a 'java/lang/NoSuchMethodError'{0x00000000839dd358}: 'java.lang.Object java.lang.invoke.DelegatingMethodHandle$Holder.reinvoke_L(java.lang.Object, java.lang.Object, java.lang.Object, java.lang.Object, java.lang.Object, java.lang.Object, java.lang.Object, java.lang.Object, java.lang.Object, java.lang.Object, java.lang.Object, java.lang.Object, java.lang.Object, java.lang.Object, java.lang.Object, java.lang.Object, java.lang.Object, java.lang.Object, java.lang.Object, java.lang.Object, java.lang.O
Event: 3.000 Thread 0x000001c03f0753b0 Exception <a 'java/lang/NoSuchMethodError'{0x0000000083734d80}: 'java.lang.Object java.lang.invoke.DirectMethodHandle$Holder.invokeVirtual(java.lang.Object, java.lang.Object, java.lang.Object, java.lang.Object, java.lang.Object, java.lang.Object, java.lang.Object, java.lang.Object, java.lang.Object, java.lang.Object, java.lang.Object, java.lang.Object, java.lang.Object, java.lang.Object, java.lang.Object, java.lang.Object, java.lang.Object, java.lang.Object, java.lang.Object, java.lang.Object)'> (0x0000000
Event: 3.000 Thread 0x000001c03f0753b0 Exception <a 'java/lang/NoSuchMethodError'{0x000000008373b398}: 'java.lang.Object java.lang.invoke.DirectMethodHandle$Holder.invokeSpecial(java.lang.Object, java.lang.Object, java.lang.Object, java.lang.Object, java.lang.Object, java.lang.Object, java.lang.Object, java.lang.Object, java.lang.Object, java.lang.Object, java.lang.Object, java.lang.Object, java.lang.Object, java.lang.Object, java.lang.Object, java.lang.Object, java.lang.Object, java.lang.Object, java.lang.Object, java.lang.Object, java.lang.Ob
Event: 3.000 Thread 0x000001c03f0753b0 Exception <a 'java/lang/NoSuchMethodError'{0x0000000083740de8}: 'java.lang.Object java.lang.invoke.DelegatingMethodHandle$Holder.reinvoke_L(java.lang.Object, java.lang.Object, java.lang.Object, java.lang.Object, java.lang.Object, java.lang.Object, java.lang.Object, java.lang.Object, java.lang.Object, java.lang.Object, java.lang.Object, java.lang.Object, java.lang.Object, java.lang.Object, java.lang.Object, java.lang.Object, java.lang.Object, java.lang.Object, java.lang.Object, java.lang.Object)'> (0x000000
Event: 3.021 Thread 0x000001c03f0753b0 Exception <a 'java/lang/NoSuchMethodError'{0x000000008ba2c080}: 'java.lang.Object java.lang.invoke.DirectMethodHandle$Holder.newInvokeSpecial(java.lang.Object, java.lang.Object, java.lang.Object, java.lang.Object, java.lang.Object, java.lang.Object, java.lang.Object, java.lang.Object, java.lang.Object, java.lang.Object, java.lang.Object, java.lang.Object, java.lang.Object, java.lang.Object)'> (0x000000008ba2c080) 
thrown [s\src\hotspot\share\interpreter\linkResolver.cpp, line 784]
Event: 3.093 Thread 0x000001c03f0753b0 Exception <a 'java/lang/NoSuchMethodError'{0x0000000088cd3470}: 'void java.lang.invoke.DirectMethodHandle$Holder.invokeStaticInit(java.lang.Object, java.lang.Object, java.lang.Object)'> (0x0000000088cd3470) 
thrown [s\src\hotspot\share\interpreter\linkResolver.cpp, line 784]
Event: 3.094 Thread 0x000001c03f0753b0 Exception <a 'java/lang/NoSuchMethodError'{0x0000000088cda2a8}: 'void java.lang.invoke.DirectMethodHandle$Holder.invokeStaticInit(java.lang.Object, java.lang.Object, java.lang.Object, java.lang.Object)'> (0x0000000088cda2a8) 
thrown [s\src\hotspot\share\interpreter\linkResolver.cpp, line 784]
Event: 3.096 Thread 0x000001c03f0753b0 Exception <a 'java/lang/NoSuchMethodError'{0x0000000088cfc060}: 'void java.lang.invoke.DirectMethodHandle$Holder.invokeStaticInit(java.lang.Object, java.lang.Object, java.lang.Object, java.lang.Object, java.lang.Object)'> (0x0000000088cfc060) 
thrown [s\src\hotspot\share\interpreter\linkResolver.cpp, line 784]
Event: 3.226 Thread 0x000001c03f0753b0 Exception <a 'java/lang/NoSuchMethodError'{0x0000000088fc8640}: 'void java.lang.invoke.DirectMethodHandle$Holder.invokeVirtual(java.lang.Object, java.lang.Object)'> (0x0000000088fc8640) 
thrown [s\src\hotspot\share\interpreter\linkResolver.cpp, line 784]
Event: 3.232 Thread 0x000001c03f0753b0 Exception <a 'java/lang/NoSuchMethodError'{0x0000000088e13a10}: 'void java.lang.invoke.DirectMethodHandle$Holder.invokeStatic(java.lang.Object, java.lang.Object, java.lang.Object, java.lang.Object, java.lang.Object, java.lang.Object)'> (0x0000000088e13a10) 
thrown [s\src\hotspot\share\interpreter\linkResolver.cpp, line 784]
Event: 3.235 Thread 0x000001c03f0753b0 Exception <a 'java/lang/NoSuchMethodError'{0x0000000088e3e050}: 'void java.lang.invoke.Invokers$Holder.invokeExact_MT(java.lang.Object, java.lang.Object, java.lang.Object, java.lang.Object)'> (0x0000000088e3e050) 
thrown [s\src\hotspot\share\interpreter\linkResolver.cpp, line 784]

ZGC Phase Switch (0 events):
No events

VM Operations (20 events):
Event: 3.139 Executing VM operation: HandshakeAllThreads (Deoptimize)
Event: 3.139 Executing VM operation: HandshakeAllThreads (Deoptimize) done
Event: 3.169 Executing VM operation: HandshakeAllThreads (Deoptimize)
Event: 3.169 Executing VM operation: HandshakeAllThreads (Deoptimize) done
Event: 3.198 Executing VM operation: G1CollectForAllocation (G1 Evacuation Pause)
Event: 3.201 Executing VM operation: G1CollectForAllocation (G1 Evacuation Pause) done
Event: 3.215 Executing VM operation: G1PauseRemark
Event: 3.217 Executing VM operation: G1PauseRemark done
Event: 3.223 Executing VM operation: G1PauseCleanup
Event: 3.223 Executing VM operation: G1PauseCleanup done
Event: 3.357 Executing VM operation: HandshakeAllThreads (Deoptimize)
Event: 3.357 Executing VM operation: HandshakeAllThreads (Deoptimize) done
Event: 3.376 Executing VM operation: HandshakeAllThreads (Deoptimize)
Event: 3.376 Executing VM operation: HandshakeAllThreads (Deoptimize) done
Event: 3.377 Executing VM operation: ICBufferFull
Event: 3.377 Executing VM operation: ICBufferFull done
Event: 3.418 Executing VM operation: G1CollectForAllocation (G1 Evacuation Pause)
Event: 3.421 Executing VM operation: G1CollectForAllocation (G1 Evacuation Pause) done
Event: 4.431 Executing VM operation: Cleanup
Event: 4.431 Executing VM operation: Cleanup done

Memory protections (0 events):
No events

Nmethod flushes (20 events):
Event: 3.217 Thread 0x000001c03e041cb0 flushing  nmethod 0x000001c0258fdb10
Event: 3.217 Thread 0x000001c03e041cb0 flushing  nmethod 0x000001c0258fe490
Event: 3.217 Thread 0x000001c03e041cb0 flushing  nmethod 0x000001c0258ffa90
Event: 3.217 Thread 0x000001c03e041cb0 flushing  nmethod 0x000001c025909590
Event: 3.217 Thread 0x000001c03e041cb0 flushing  nmethod 0x000001c02590af90
Event: 3.217 Thread 0x000001c03e041cb0 flushing  nmethod 0x000001c02590b390
Event: 3.217 Thread 0x000001c03e041cb0 flushing  nmethod 0x000001c02590b710
Event: 3.217 Thread 0x000001c03e041cb0 flushing  nmethod 0x000001c025953910
Event: 3.217 Thread 0x000001c03e041cb0 flushing  nmethod 0x000001c025954810
Event: 3.217 Thread 0x000001c03e041cb0 flushing  nmethod 0x000001c025a9e490
Event: 3.217 Thread 0x000001c03e041cb0 flushing  nmethod 0x000001c025a9e910
Event: 3.217 Thread 0x000001c03e041cb0 flushing  nmethod 0x000001c025b05610
Event: 3.217 Thread 0x000001c03e041cb0 flushing  nmethod 0x000001c025b49d90
Event: 3.217 Thread 0x000001c03e041cb0 flushing  nmethod 0x000001c025b4ac10
Event: 3.217 Thread 0x000001c03e041cb0 flushing  nmethod 0x000001c025b4e410
Event: 3.217 Thread 0x000001c03e041cb0 flushing  nmethod 0x000001c025c5b710
Event: 3.217 Thread 0x000001c03e041cb0 flushing  nmethod 0x000001c025dd8a90
Event: 3.217 Thread 0x000001c03e041cb0 flushing  nmethod 0x000001c025dd8f10
Event: 3.217 Thread 0x000001c03e041cb0 flushing  nmethod 0x000001c025ddc590
Event: 3.217 Thread 0x000001c03e041cb0 flushing  nmethod 0x000001c025ddfe10

Events (20 events):
Event: 1.653 Thread 0x000001c03f0753b0 Thread added: 0x000001c03fc6d7f0
Event: 1.658 Thread 0x000001c03f0753b0 Thread added: 0x000001c03fc6d160
Event: 2.178 Thread 0x000001c0413bcae0 Thread exited: 0x000001c0413bcae0
Event: 2.178 Thread 0x000001c03e4a6f20 Thread exited: 0x000001c03e4a6f20
Event: 2.475 Thread 0x000001c03f0753b0 Thread added: 0x000001c03fc6e510
Event: 2.475 Thread 0x000001c03f0753b0 Thread added: 0x000001c04315ae40
Event: 2.475 Thread 0x000001c03f0753b0 Thread added: 0x000001c04315b4d0
Event: 2.475 Thread 0x000001c03f0753b0 Thread added: 0x000001c043159a90
Event: 2.475 Thread 0x000001c03f0753b0 Thread added: 0x000001c04315bb60
Event: 2.476 Thread 0x000001c03f0753b0 Thread added: 0x000001c0431586e0
Event: 2.476 Thread 0x000001c03f0753b0 Thread added: 0x000001c04315a7b0
Event: 2.476 Thread 0x000001c03f0753b0 Thread added: 0x000001c04315a120
Event: 2.479 Thread 0x000001c03e0e6ec0 Thread added: 0x000001c0411421b0
Event: 2.485 Thread 0x000001c03e0e6ec0 Thread added: 0x000001c041142880
Event: 2.747 Thread 0x000001c03f0753b0 Thread added: 0x000001c043158d70
Event: 2.760 Thread 0x000001c03f0753b0 Thread added: 0x000001c043159400
Event: 2.775 Thread 0x000001c03f0753b0 Thread added: 0x000001c0401a1cb0
Event: 2.848 Thread 0x000001c03f0753b0 Thread added: 0x000001c0401a5130
Event: 2.869 Thread 0x000001c03f0753b0 Thread added: 0x000001c0401a57c0
Event: 2.948 Thread 0x000001c03f0753b0 Thread added: 0x000001c0401a3d80


Dynamic libraries:
0x00007ff7cea90000 - 0x00007ff7cea9a000 	C:\Program Files\Android\Android Studio\jbr\bin\java.exe
0x00007ffc52880000 - 0x00007ffc52ae3000 	C:\WINDOWS\SYSTEM32\ntdll.dll
0x00007ffc52340000 - 0x00007ffc52407000 	C:\WINDOWS\System32\KERNEL32.DLL
0x00007ffc500c0000 - 0x00007ffc50489000 	C:\WINDOWS\System32\KERNELBASE.dll
0x00007ffc4fa80000 - 0x00007ffc4fbcc000 	C:\WINDOWS\System32\ucrtbase.dll
0x00007ffc3e6f0000 - 0x00007ffc3e708000 	C:\Program Files\Android\Android Studio\jbr\bin\jli.dll
0x00007ffc47cd0000 - 0x00007ffc47ceb000 	C:\Program Files\Android\Android Studio\jbr\bin\VCRUNTIME140.dll
0x00007ffc52670000 - 0x00007ffc5283a000 	C:\WINDOWS\System32\USER32.dll
0x00007ffc4fbd0000 - 0x00007ffc4fbf7000 	C:\WINDOWS\System32\win32u.dll
0x00007ffc31b80000 - 0x00007ffc31e10000 	C:\WINDOWS\WinSxS\amd64_microsoft.windows.common-controls_6595b64144ccf1df_6.0.26100.3323_none_3e088096e3344490\COMCTL32.dll
0x00007ffc513a0000 - 0x00007ffc513ca000 	C:\WINDOWS\System32\GDI32.dll
0x00007ffc525c0000 - 0x00007ffc52669000 	C:\WINDOWS\System32\msvcrt.dll
0x00007ffc4fd60000 - 0x00007ffc4fe91000 	C:\WINDOWS\System32\gdi32full.dll
0x00007ffc4fea0000 - 0x00007ffc4ff43000 	C:\WINDOWS\System32\msvcp_win.dll
0x00007ffc52520000 - 0x00007ffc5254f000 	C:\WINDOWS\System32\IMM32.DLL
0x00007ffc47cc0000 - 0x00007ffc47ccc000 	C:\Program Files\Android\Android Studio\jbr\bin\vcruntime140_1.dll
0x00007ffc1cb70000 - 0x00007ffc1cbfd000 	C:\Program Files\Android\Android Studio\jbr\bin\msvcp140.dll
0x00007ffc01990000 - 0x00007ffc0261a000 	C:\Program Files\Android\Android Studio\jbr\bin\server\jvm.dll
0x00007ffc50bc0000 - 0x00007ffc50c72000 	C:\WINDOWS\System32\ADVAPI32.dll
0x00007ffc50ed0000 - 0x00007ffc50f76000 	C:\WINDOWS\System32\sechost.dll
0x00007ffc51280000 - 0x00007ffc51396000 	C:\WINDOWS\System32\RPCRT4.dll
0x00007ffc513d0000 - 0x00007ffc51444000 	C:\WINDOWS\System32\WS2_32.dll
0x00007ffc4f910000 - 0x00007ffc4f95e000 	C:\WINDOWS\SYSTEM32\POWRPROF.dll
0x00007ffc3f160000 - 0x00007ffc3f16b000 	C:\WINDOWS\SYSTEM32\VERSION.dll
0x00007ffc45330000 - 0x00007ffc45366000 	C:\WINDOWS\SYSTEM32\WINMM.dll
0x00007ffc4f8f0000 - 0x00007ffc4f904000 	C:\WINDOWS\SYSTEM32\UMPDC.dll
0x00007ffc4e8a0000 - 0x00007ffc4e8ba000 	C:\WINDOWS\SYSTEM32\kernel.appcore.dll
0x00007ffc47ca0000 - 0x00007ffc47caa000 	C:\Program Files\Android\Android Studio\jbr\bin\jimage.dll
0x00007ffc4cd70000 - 0x00007ffc4cfb1000 	C:\WINDOWS\SYSTEM32\DBGHELP.DLL
0x00007ffc506a0000 - 0x00007ffc50a22000 	C:\WINDOWS\System32\combase.dll
0x00007ffc51b70000 - 0x00007ffc51c46000 	C:\WINDOWS\System32\OLEAUT32.dll
0x00007ffc318a0000 - 0x00007ffc318d9000 	C:\WINDOWS\SYSTEM32\dbgcore.DLL
0x00007ffc4fcc0000 - 0x00007ffc4fd59000 	C:\WINDOWS\System32\bcryptPrimitives.dll
0x00007ffc3e6b0000 - 0x00007ffc3e6be000 	C:\Program Files\Android\Android Studio\jbr\bin\instrument.dll
0x00007ffc3f180000 - 0x00007ffc3f1a0000 	C:\Program Files\Android\Android Studio\jbr\bin\java.dll
0x00007ffc3e690000 - 0x00007ffc3e6a8000 	C:\Program Files\Android\Android Studio\jbr\bin\zip.dll
0x00007ffc51450000 - 0x00007ffc51b65000 	C:\WINDOWS\System32\SHELL32.dll
0x00007ffc4ff50000 - 0x00007ffc500b8000 	C:\WINDOWS\System32\wintypes.dll
0x00007ffc4d740000 - 0x00007ffc4df85000 	C:\WINDOWS\SYSTEM32\windows.storage.dll
0x00007ffc51dc0000 - 0x00007ffc51eab000 	C:\WINDOWS\System32\SHCORE.dll
0x00007ffc50ae0000 - 0x00007ffc50b3d000 	C:\WINDOWS\System32\shlwapi.dll
0x00007ffc4f990000 - 0x00007ffc4f9bf000 	C:\WINDOWS\SYSTEM32\profapi.dll
0x00007ffc47c90000 - 0x00007ffc47ca0000 	C:\Program Files\Android\Android Studio\jbr\bin\net.dll
0x00007ffc44ab0000 - 0x00007ffc44bce000 	C:\WINDOWS\SYSTEM32\WINHTTP.dll
0x00007ffc4edc0000 - 0x00007ffc4ee2a000 	C:\WINDOWS\system32\mswsock.dll
0x00007ffc3e650000 - 0x00007ffc3e666000 	C:\Program Files\Android\Android Studio\jbr\bin\nio.dll
0x00007ffc3e300000 - 0x00007ffc3e310000 	C:\Program Files\Android\Android Studio\jbr\bin\verify.dll
0x00007ffc3c140000 - 0x00007ffc3c167000 	C:\Users\arjun\.gradle\native\68d5fa5c4cc2d200863cafc0d521ce42e7d3e7ee720ec0a83991735586a16f82\windows-amd64\native-platform.dll
0x00007ffc1d160000 - 0x00007ffc1d2a4000 	C:\Users\arjun\.gradle\native\e376f236ea51e6404a007f0833ffe2c6e607c4080706a723a18a27aeea778392\windows-amd64\native-platform-file-events.dll
0x00007ffc3e680000 - 0x00007ffc3e689000 	C:\Program Files\Android\Android Studio\jbr\bin\management.dll
0x00007ffc3e320000 - 0x00007ffc3e32b000 	C:\Program Files\Android\Android Studio\jbr\bin\management_ext.dll
0x00007ffc50c80000 - 0x00007ffc50c88000 	C:\WINDOWS\System32\PSAPI.DLL
0x00007ffc4f060000 - 0x00007ffc4f07c000 	C:\WINDOWS\SYSTEM32\CRYPTSP.dll
0x00007ffc4e800000 - 0x00007ffc4e83a000 	C:\WINDOWS\system32\rsaenh.dll
0x00007ffc4ee60000 - 0x00007ffc4ee8b000 	C:\WINDOWS\SYSTEM32\USERENV.dll
0x00007ffc4f2a0000 - 0x00007ffc4f2c6000 	C:\WINDOWS\SYSTEM32\bcrypt.dll
0x00007ffc4f080000 - 0x00007ffc4f08c000 	C:\WINDOWS\SYSTEM32\CRYPTBASE.dll
0x00007ffc4e370000 - 0x00007ffc4e3a3000 	C:\WINDOWS\SYSTEM32\IPHLPAPI.DLL
0x00007ffc52410000 - 0x00007ffc5241a000 	C:\WINDOWS\System32\NSI.dll
0x00007ffc47060000 - 0x00007ffc47069000 	C:\Program Files\Android\Android Studio\jbr\bin\extnet.dll
0x00007ffc3f130000 - 0x00007ffc3f138000 	C:\WINDOWS\system32\wshunix.dll

dbghelp: loaded successfully - version: 4.0.5 - missing functions: none
symbol engine: initialized successfully - sym options: 0x614 - pdb path: .;C:\Program Files\Android\Android Studio\jbr\bin;C:\WINDOWS\SYSTEM32;C:\WINDOWS\WinSxS\amd64_microsoft.windows.common-controls_6595b64144ccf1df_6.0.26100.3323_none_3e088096e3344490;C:\Program Files\Android\Android Studio\jbr\bin\server;C:\Users\arjun\.gradle\native\68d5fa5c4cc2d200863cafc0d521ce42e7d3e7ee720ec0a83991735586a16f82\windows-amd64;C:\Users\arjun\.gradle\native\e376f236ea51e6404a007f0833ffe2c6e607c4080706a723a18a27aeea778392\windows-amd64

VM Arguments:
jvm_args: --add-opens=java.base/java.util=ALL-UNNAMED --add-opens=java.base/java.lang=ALL-UNNAMED --add-opens=java.base/java.lang.invoke=ALL-UNNAMED --add-opens=java.prefs/java.util.prefs=ALL-UNNAMED --add-opens=java.base/java.nio.charset=ALL-UNNAMED --add-opens=java.base/java.net=ALL-UNNAMED --add-opens=java.base/java.util.concurrent.atomic=ALL-UNNAMED -Xmx2048m -Dfile.encoding=UTF-8 -Duser.country=IN -Duser.language=en -Duser.variant -javaagent:C:\Users\arjun\.gradle\wrapper\dists\gradle-8.2-bin\bbg7u40eoinfdyxsxr3z4i7ta\gradle-8.2\lib\agents\gradle-instrumentation-agent-8.2.jar 
java_command: org.gradle.launcher.daemon.bootstrap.GradleDaemon 8.2
java_class_path (initial): C:\Users\arjun\.gradle\wrapper\dists\gradle-8.2-bin\bbg7u40eoinfdyxsxr3z4i7ta\gradle-8.2\lib\gradle-launcher-8.2.jar
Launcher Type: SUN_STANDARD

[Global flags]
     intx CICompilerCount                          = 4                                         {product} {ergonomic}
     uint ConcGCThreads                            = 2                                         {product} {ergonomic}
     uint G1ConcRefinementThreads                  = 8                                         {product} {ergonomic}
   size_t G1HeapRegionSize                         = 1048576                                   {product} {ergonomic}
    uintx GCDrainStackTargetSize                   = 64                                        {product} {ergonomic}
   size_t InitialHeapSize                          = 197132288                                 {product} {ergonomic}
   size_t MarkStackSize                            = 4194304                                   {product} {ergonomic}
   size_t MaxHeapSize                              = 2147483648                                {product} {command line}
   size_t MaxNewSize                               = 1287651328                                {product} {ergonomic}
   size_t MinHeapDeltaBytes                        = 1048576                                   {product} {ergonomic}
   size_t MinHeapSize                              = 8388608                                   {product} {ergonomic}
    uintx NonNMethodCodeHeapSize                   = 5839372                                {pd product} {ergonomic}
    uintx NonProfiledCodeHeapSize                  = 122909434                              {pd product} {ergonomic}
    uintx ProfiledCodeHeapSize                     = 122909434                              {pd product} {ergonomic}
    uintx ReservedCodeCacheSize                    = 251658240                              {pd product} {ergonomic}
     bool SegmentedCodeCache                       = true                                      {product} {ergonomic}
   size_t SoftMaxHeapSize                          = 2147483648                             {manageable} {ergonomic}
     bool UseCompressedOops                        = true                           {product lp64_product} {ergonomic}
     bool UseG1GC                                  = true                                      {product} {ergonomic}
     bool UseLargePagesIndividualAllocation        = false                                  {pd product} {ergonomic}

Logging:
Log output configuration:
 #0: stdout all=warning uptime,level,tags foldmultilines=false
 #1: stderr all=off uptime,level,tags foldmultilines=false

Environment Variables:
JAVA_HOME=C:\Program Files\Java\jdk-17
PATH=C:\Python313\Scripts\;C:\Python313\;C:\Program Files\Common Files\Oracle\Java\javapath;C:\Python312\Scripts\;C:\Python312\;E:\flutter;E:\flutter\bin;C:\Users\arjun\AppData\Local\Pub\Cache\bin;C:\WINDOWS\system32;C:\WINDOWS;C:\WINDOWS\System32\Wbem;C:\WINDOWS\System32\WindowsPowerShell\v1.0\;C:\WINDOWS\System32\OpenSSH\;C:\Program Files\Git\cmd;C:\ProgramData\chocolatey\bin;C:\Program Files\Java\jdk-17;C:\Program Files\Java\jdk-17\bin;C:\Program Files\Java\jdk-17\bin;C:\Program Files\nodejs\;C:\Users\arjun\dev\flutter\bin;C:\Users\arjun\AppData\Local\Microsoft\WindowsApps;C:\Users\arjun\AppData\Local\Programs\Microsoft VS Code\bin;C:\Users\arjun\AppData\Local\GitHubDesktop\bin;C:\Users\arjun\AppData\Local\Pub\Cache\bin;C:\Program Files\Java\jdk-17\bin;C:\Program Files\Java\jdk-17\bin;C:\Users\arjun\AppData\Roaming\npm;
USERNAME=arjun
OS=Windows_NT
PROCESSOR_IDENTIFIER=Intel64 Family 6 Model 140 Stepping 2, GenuineIntel
TMP=C:\Users\arjun\AppData\Local\Temp
TEMP=C:\Users\arjun\AppData\Local\Temp




Periodic native trim disabled

JNI global refs:
JNI global refs: 27, weak refs: 14

JNI global refs memory usage: 835, weak refs: 833

Process memory usage:
Resident Set Size: 272040K (2% of 12216812K total physical memory with 2131988K free physical memory)

OOME stack traces (most recent first):
Classloader memory used:
Loader org.gradle.internal.classloader.VisitableURLClassLoader                         : 21240K
Loader bootstrap                                                                       : 19053K
Loader org.gradle.initialization.MixInLegacyTypesClassLoader                           : 3672K
Loader org.gradle.internal.classloader.VisitableURLClassLoader                         : 712K
Loader jdk.internal.loader.ClassLoaders$PlatformClassLoader                            : 401K
Loader jdk.internal.loader.ClassLoaders$AppClassLoader                                 : 227K
Loader jdk.internal.reflect.DelegatingClassLoader                                      : 147K

Classes loaded by more than one classloader:
Class org.gradle.api.GradleException                                                  : loaded 3 times (x 78B)
Class org.gradle.internal.classloader.ClassLoaderHierarchy                            : loaded 2 times (x 66B)
Class org.gradle.api.internal.classpath.ManifestUtil                                  : loaded 2 times (x 67B)
Class org.gradle.internal.operations.MultipleBuildOperationFailures                   : loaded 2 times (x 91B)
Class org.gradle.internal.classloader.DefaultClassLoaderFactory                       : loaded 2 times (x 78B)
Class org.gradle.internal.classloader.ClassLoaderVisitor                              : loaded 2 times (x 72B)
Class org.gradle.api.internal.classpath.EffectiveClassPath                            : loaded 2 times (x 86B)
Class org.gradle.api.internal.DefaultClassPathProvider                                : loaded 2 times (x 72B)
Class [Lorg.gradle.api.internal.ClassPathProvider;                                    : loaded 2 times (x 65B)
Class org.gradle.api.internal.ClassPathProvider                                       : loaded 2 times (x 66B)
Class org.gradle.internal.service.UnknownServiceException                             : loaded 2 times (x 79B)
Class org.gradle.internal.classpath.TransformedClassPath                              : loaded 2 times (x 92B)
Class org.gradle.internal.service.ServiceLocator                                      : loaded 2 times (x 66B)
Class org.gradle.internal.InternalTransformer                                         : loaded 2 times (x 66B)
Class org.gradle.internal.time.DefaultTimer                                           : loaded 2 times (x 76B)
Class org.gradle.internal.classloader.ClasspathUtil$1                                 : loaded 2 times (x 72B)
Class org.gradle.api.internal.classpath.DefaultModuleRegistry$DefaultModule           : loaded 2 times (x 82B)
Class org.gradle.internal.time.DefaultCountdownTimer                                  : loaded 2 times (x 84B)
Class kotlin.Function                                                                 : loaded 2 times (x 66B)
Class org.gradle.api.internal.classpath.Module                                        : loaded 2 times (x 66B)
Class org.gradle.api.internal.classpath.UnknownModuleException                        : loaded 2 times (x 78B)
Class org.gradle.cache.GlobalCache                                                    : loaded 2 times (x 66B)
Class org.gradle.api.internal.DefaultClassPathRegistry                                : loaded 2 times (x 72B)
Class org.gradle.api.internal.ClassPathRegistry                                       : loaded 2 times (x 66B)
Class org.gradle.internal.classpath.DefaultClassPath$ImmutableUniqueList              : loaded 2 times (x 195B)
Class org.gradle.internal.classpath.ClassPath                                         : loaded 2 times (x 66B)
Class org.gradle.api.UncheckedIOException                                             : loaded 2 times (x 78B)
Class kotlin.UninitializedPropertyAccessException                                     : loaded 2 times (x 78B)
Class org.gradle.internal.installation.GradleInstallation$1                           : loaded 2 times (x 71B)
Class org.gradle.api.internal.classpath.ModuleRegistry                                : loaded 2 times (x 66B)
Class org.gradle.api.internal.classpath.DefaultModuleRegistry                         : loaded 2 times (x 82B)
Class org.gradle.internal.time.MonotonicClock                                         : loaded 2 times (x 73B)
Class org.gradle.internal.service.ServiceLookupException                              : loaded 2 times (x 78B)
Class org.gradle.internal.classloader.ClassLoaderFactory                              : loaded 2 times (x 66B)
Class org.gradle.internal.service.CachingServiceLocator                               : loaded 2 times (x 78B)
Class org.gradle.internal.time.TimeSource                                             : loaded 2 times (x 66B)
Class org.gradle.internal.exceptions.ResolutionProvider                               : loaded 2 times (x 66B)
Class org.gradle.internal.classloader.ClasspathUtil                                   : loaded 2 times (x 67B)
Class org.gradle.internal.time.TimeSource$1                                           : loaded 2 times (x 73B)
Class org.gradle.api.specs.Spec                                                       : loaded 2 times (x 66B)
Class org.gradle.internal.time.Clock                                                  : loaded 2 times (x 66B)
Class org.gradle.internal.classloader.VisitableURLClassLoader$InstrumentingVisitableURLClassLoader: loaded 2 times (x 119B)
Class org.gradle.internal.classloader.VisitableURLClassLoader$Spec                    : loaded 2 times (x 70B)
Class org.gradle.internal.classpath.DefaultClassPath                                  : loaded 2 times (x 86B)
Class org.gradle.internal.classloader.ClassLoaderSpec                                 : loaded 2 times (x 67B)
Class org.gradle.internal.classloader.VisitableURLClassLoader                         : loaded 2 times (x 113B)
Class org.gradle.internal.Cast                                                        : loaded 2 times (x 67B)
Class org.gradle.api.Action                                                           : loaded 2 times (x 66B)
Class org.gradle.internal.agents.InstrumentingClassLoader                             : loaded 2 times (x 66B)
Class org.gradle.internal.classpath.DefaultClassPath$ImmutableUniqueList$Builder      : loaded 2 times (x 71B)
Class org.gradle.internal.classloader.FilteringClassLoader                            : loaded 2 times (x 101B)
Class org.gradle.internal.exceptions.NonGradleCauseExceptionsHolder                   : loaded 2 times (x 66B)
Class org.gradle.internal.IoActions                                                   : loaded 2 times (x 67B)
Class org.gradle.internal.classloader.SystemClassLoaderSpec                           : loaded 2 times (x 67B)
Class org.gradle.internal.exceptions.MultiCauseException                              : loaded 2 times (x 66B)
Class org.gradle.internal.time.CountdownTimer                                         : loaded 2 times (x 66B)
Class kotlin.jvm.internal.Intrinsics                                                  : loaded 2 times (x 67B)
Class org.gradle.tooling.model.ProjectModel                                           : loaded 2 times (x 66B)
Class kotlin.KotlinNullPointerException                                               : loaded 2 times (x 79B)
Class org.gradle.internal.exceptions.DefaultMultiCauseException                       : loaded 2 times (x 91B)
Class org.gradle.internal.time.Time                                                   : loaded 2 times (x 67B)
Class org.gradle.internal.time.Timer                                                  : loaded 2 times (x 66B)
Class org.gradle.internal.installation.CurrentGradleInstallationLocator               : loaded 2 times (x 67B)
Class org.gradle.internal.service.DefaultServiceLocator                               : loaded 2 times (x 79B)
Class org.gradle.util.GradleVersion                                                   : loaded 2 times (x 79B)
Class org.gradle.internal.installation.CurrentGradleInstallation                      : loaded 2 times (x 69B)
Class org.gradle.util.internal.GUtil                                                  : loaded 2 times (x 67B)
Class org.gradle.internal.installation.GradleInstallation                             : loaded 2 times (x 71B)

---------------  S Y S T E M  ---------------

OS:
 Windows 11 , 64 bit Build 26100 (10.0.26100.3323)
OS uptime: 0 days 1:44 hours
Hyper-V role detected

CPU: total 8 (initial active 8) (4 cores per cpu, 2 threads per core) family 6 model 140 stepping 2 microcode 0x34, cx8, cmov, fxsr, ht, mmx, 3dnowpref, sse, sse2, sse3, ssse3, sse4.1, sse4.2, popcnt, lzcnt, tsc, tscinvbit, avx, avx2, aes, erms, clmul, bmi1, bmi2, adx, avx512f, avx512dq, avx512cd, avx512bw, avx512vl, sha, fma, vzeroupper, avx512_vpopcntdq, avx512_vpclmulqdq, avx512_vaes, avx512_vnni, clflush, clflushopt, clwb, avx512_vbmi2, avx512_vbmi, hv, rdtscp, rdpid, fsrm, gfni, avx512_bitalg, f16c, cet_ibt, cet_ss, avx512_ifma
Processor Information for all 8 processors :
  Max Mhz: 2496, Current Mhz: 2496, Mhz Limit: 2496

Memory: 4k page, system-wide physical 11930M (2081M free)
TotalPageFile size 11930M (AvailPageFile size 10M)
current process WorkingSet (physical memory assigned to process): 266M, peak: 266M
current process commit charge ("private bytes"): 300M, peak: 312M

vm_info: OpenJDK 64-Bit Server VM (21.0.5+-13047016-b750.29) for windows-amd64 JRE (21.0.5+-13047016-b750.29), built on 2025-02-11T21:12:39Z by "builder" with MS VC++ 16.10 / 16.11 (VS2019)

END.
